$ cd desktop
bash: cd: desktop: No such file or directory

PC@LAPTOP-IVKB1MFB MINGW64 ~/desktop/25-TRAN-VAN-KHOI-BAI-TAP (main)
$ git checkout branch_4
error: pathspec 'branch_4' did not match any file(s) known to git

PC@LAPTOP-IVKB1MFB MINGW64 ~/desktop/25-TRAN-VAN-KHOI-BAI-TAP (main)
$ git push -u origin branch_4
error: src refspec branch_4 does not match any
error: failed to push some refs to 'https://github.com/tvkhoi25174600099-lang/25-TRAN-VAN-KHOI-BAI-TAP.git'

PC@LAPTOP-IVKB1MFB MINGW64 ~/desktop/25-TRAN-VAN-KHOI-BAI-TAP (main)
$ git checkout main
Already on 'main'
Your branch is ahead of 'origin/main' by 1 commit.
  (use "git push" to publish your local commits)

PC@LAPTOP-IVKB1MFB MINGW64 ~/desktop/25-TRAN-VAN-KHOI-BAI-TAP (main)
$ git checkout -b branch_4
Switched to a new branch 'branch_4'

PC@LAPTOP-IVKB1MFB MINGW64 ~/desktop/25-TRAN-VAN-KHOI-BAI-TAP (branch_4)
$ echo "Cras ac mi nec nisi porta ultrices sed non ante." > text_branch_4.txt

PC@LAPTOP-IVKB1MFB MINGW64 ~/desktop/25-TRAN-VAN-KHOI-BAI-TAP (branch_4)
$ git commit -m "FEAT: Add text_branch_4 file"
On branch branch_4
nothing to commit, working tree clean

PC@LAPTOP-IVKB1MFB MINGW64 ~/desktop/25-TRAN-VAN-KHOI-BAI-TAP (branch_4)
$ git push -u origin branch_4
Enumerating objects: 4, done.
Counting objects: 100% (4/4), done.
Delta compression using up to 12 threads
Compressing objects: 100% (2/2), done.
Writing objects: 100% (3/3), 347 bytes | 347.00 KiB/s, done.
Total 3 (delta 0), reused 0 (delta 0), pack-reused 0 (from 0)
remote:
remote: Create a pull request for 'branch_4' on GitHub by visiting:
remote:      https://github.com/tvkhoi25174600099-lang/25-TRAN-VAN-KHOI-BAI-TAP/pull/new/branch_4
remote:
To https://github.com/tvkhoi25174600099-lang/25-TRAN-VAN-KHOI-BAI-TAP.git
 * [new branch]      branch_4 -> branch_4
branch 'branch_4' set up to track 'origin/branch_4'.

PC@LAPTOP-IVKB1MFB MINGW64 ~/desktop/25-TRAN-VAN-KHOI-BAI-TAP (branch_4)
$ git branch --delete branch_4
error: cannot delete branch 'branch_4' used by worktree at 'C:/Users/PC/Desktop/25-TRAN-VAN-KHOI-BAI-TAP'

PC@LAPTOP-IVKB1MFB MINGW64 ~/desktop/25-TRAN-VAN-KHOI-BAI-TAP (branch_4)
$ fit checkout main
bash: fit: command not found

PC@LAPTOP-IVKB1MFB MINGW64 ~/desktop/25-TRAN-VAN-KHOI-BAI-TAP (branch_4)
$ git checkout main
Switched to branch 'main'
Your branch is ahead of 'origin/main' by 1 commit.
  (use "git push" to publish your local commits)

PC@LAPTOP-IVKB1MFB MINGW64 ~/desktop/25-TRAN-VAN-KHOI-BAI-TAP (main)
$ git branch -d branch_4
Deleted branch branch_4 (was 9a85f00).

PC@LAPTOP-IVKB1MFB MINGW64 ~/desktop/25-TRAN-VAN-KHOI-BAI-TAP (main)
$ git branch --lish
error: unknown option `lish'
usage: git branch [<options>] [-r | -a] [--merged] [--no-merged]
   or: git branch [<options>] [-f] [--recurse-submodules] <branch-name> [<start-point>]
   or: git branch [<options>] [-l] [<pattern>...]
   or: git branch [<options>] [-r] (-d | -D) <branch-name>...
   or: git branch [<options>] (-m | -M) [<old-branch>] <new-branch>
   or: git branch [<options>] (-c | -C) [<old-branch>] <new-branch>
   or: git branch [<options>] [-r | -a] [--points-at]
   or: git branch [<options>] [-r | -a] [--format]

Generic options
    -v, --[no-]verbose    show hash and subject, give twice for upstream branch
    -q, --[no-]quiet      suppress informational messages
    -t, --[no-]track[=(direct|inherit)]
                          set branch tracking configuration
    -u, --[no-]set-upstream-to <upstream>
                          change the upstream info
    --[no-]unset-upstream unset the upstream info
    --[no-]color[=<when>] use colored output
    -r, --remotes         act on remote-tracking branches
    --contains <commit>   print only branches that contain the commit
    --no-contains <commit>
                          print only branches that don't contain the commit
    --[no-]abbrev[=<n>]   use <n> digits to display object names

Specific git-branch actions:
    -a, --all             list both remote-tracking and local branches
    -d, --[no-]delete     delete fully merged branch
    -D                    delete branch (even if not merged)
    -m, --[no-]move       move/rename a branch and its reflog
    -M                    move/rename a branch, even if target exists
    --[no-]omit-empty     do not output a newline after empty formatted refs
    -c, --[no-]copy       copy a branch and its reflog
    -C                    copy a branch, even if target exists
    -l, --[no-]list       list branch names
    --[no-]show-current   show current branch name
    --[no-]create-reflog  create the branch's reflog
    --[no-]edit-description
                          edit the description for the branch
    -f, --[no-]force      force creation, move/rename, deletion
    --merged <commit>     print only branches that are merged
    --no-merged <commit>  print only branches that are not merged
    --[no-]column[=<style>]
                          list branches in columns
    --[no-]sort <key>     field name to sort on
    --[no-]points-at <object>
                          print only branches of the object
    -i, --[no-]ignore-case
                          sorting and filtering are case insensitive
    --[no-]recurse-submodules
                          recurse through submodules
    --[no-]format <format>
                          format to use for the output


PC@LAPTOP-IVKB1MFB MINGW64 ~/desktop/25-TRAN-VAN-KHOI-BAI-TAP (main)
$ git branch -r
  origin/HEAD -> origin/main
  origin/branch_1
  origin/branch_2
  origin/branch_3
  origin/branch_4
  origin/main

PC@LAPTOP-IVKB1MFB MINGW64 ~/desktop/25-TRAN-VAN-KHOI-BAI-TAP (main)
$ git branch --delete branch_4
error: branch 'branch_4' not found

PC@LAPTOP-IVKB1MFB MINGW64 ~/desktop/25-TRAN-VAN-KHOI-BAI-TAP (main)
$ git branch
  branch_1
  branch_2
  branch_3
* main

PC@LAPTOP-IVKB1MFB MINGW64 ~/desktop/25-TRAN-VAN-KHOI-BAI-TAP (main)
$ git branch -r
  origin/HEAD -> origin/main
  origin/branch_1
  origin/branch_2
  origin/branch_3
  origin/branch_4
  origin/main

PC@LAPTOP-IVKB1MFB MINGW64 ~/desktop/25-TRAN-VAN-KHOI-BAI-TAP (main)
$ git push origin --delete branch_4
To https://github.com/tvkhoi25174600099-lang/25-TRAN-VAN-KHOI-BAI-TAP.git
 - [deleted]         branch_4

PC@LAPTOP-IVKB1MFB MINGW64 ~/desktop/25-TRAN-VAN-KHOI-BAI-TAP (main)
$ git checkout main
Already on 'main'
Your branch is ahead of 'origin/main' by 1 commit.
  (use "git push" to publish your local commits)

PC@LAPTOP-IVKB1MFB MINGW64 ~/desktop/25-TRAN-VAN-KHOI-BAI-TAP (main)
$ git pull origin main
From https://github.com/tvkhoi25174600099-lang/25-TRAN-VAN-KHOI-BAI-TAP
 * branch            main       -> FETCH_HEAD
Already up to date.

PC@LAPTOP-IVKB1MFB MINGW64 ~/desktop/25-TRAN-VAN-KHOI-BAI-TAP (main)
$ git checckout main
git: 'checckout' is not a git command. See 'git --help'.

The most similar command is
        checkout

PC@LAPTOP-IVKB1MFB MINGW64 ~/desktop/25-TRAN-VAN-KHOI-BAI-TAP (main)
$ echo "" > main_folder/main_txt_1.txt
echo "" > main_folder/main_txt_2.txt
echo "" > main_folder/main_txt_3.txt
bash: main_folder/main_txt_1.txt: No such file or directory
bash: main_folder/main_txt_2.txt: No such file or directory
bash: main_folder/main_txt_3.txt: No such file or directory

PC@LAPTOP-IVKB1MFB MINGW64 ~/desktop/25-TRAN-VAN-KHOI-BAI-TAP (main)
$ echo "1" > main_txt_1.txt

PC@LAPTOP-IVKB1MFB MINGW64 ~/desktop/25-TRAN-VAN-KHOI-BAI-TAP (main)
$ echo "2" > main_txt_2.txt

PC@LAPTOP-IVKB1MFB MINGW64 ~/desktop/25-TRAN-VAN-KHOI-BAI-TAP (main)
$ echo "3" > main_txt-3.txt

PC@LAPTOP-IVKB1MFB MINGW64 ~/desktop/25-TRAN-VAN-KHOI-BAI-TAP (main)
$ git add .

PC@LAPTOP-IVKB1MFB MINGW64 ~/desktop/25-TRAN-VAN-KHOI-BAI-TAP (main)
$ git commit -m "FEAT: add main_folder and 3 text files to main branch"
[main 58c273a] FEAT: add main_folder and 3 text files to main branch
 3 files changed, 3 insertions(+)
 create mode 100644 main_txt-3.txt
 create mode 100644 main_txt_1.txt
 create mode 100644 main_txt_2.txt

PC@LAPTOP-IVKB1MFB MINGW64 ~/desktop/25-TRAN-VAN-KHOI-BAI-TAP (main)
$ git push origin main
Enumerating objects: 9, done.
Counting objects: 100% (9/9), done.
Delta compression using up to 12 threads
Compressing objects: 100% (4/4), done.
Writing objects: 100% (8/8), 740 bytes | 740.00 KiB/s, done.
Total 8 (delta 0), reused 0 (delta 0), pack-reused 0 (from 0)
To https://github.com/tvkhoi25174600099-lang/25-TRAN-VAN-KHOI-BAI-TAP.git
   a42dfe8..58c273a  main -> main

PC@LAPTOP-IVKB1MFB MINGW64 ~/desktop/25-TRAN-VAN-KHOI-BAI-TAP (main)
$ git checkout branch_1
Switched to branch 'branch_1'

PC@LAPTOP-IVKB1MFB MINGW64 ~/desktop/25-TRAN-VAN-KHOI-BAI-TAP (branch_1)
$ git pull
There is no tracking information for the current branch.
Please specify which branch you want to merge with.
See git-pull(1) for details.

    git pull <remote> <branch>

If you wish to set tracking information for this branch you can do so with:

    git branch --set-upstream-to=origin/<branch> branch_1


PC@LAPTOP-IVKB1MFB MINGW64 ~/desktop/25-TRAN-VAN-KHOI-BAI-TAP (branch_1)
$ git checkout branch_2
Switched to branch 'branch_2'

PC@LAPTOP-IVKB1MFB MINGW64 ~/desktop/25-TRAN-VAN-KHOI-BAI-TAP (branch_2)
$ git pull
There is no tracking information for the current branch.
Please specify which branch you want to merge with.
See git-pull(1) for details.

    git pull <remote> <branch>

If you wish to set tracking information for this branch you can do so with:

    git branch --set-upstream-to=origin/<branch> branch_2


PC@LAPTOP-IVKB1MFB MINGW64 ~/desktop/25-TRAN-VAN-KHOI-BAI-TAP (branch_2)
$ git checkout branch-3
error: pathspec 'branch-3' did not match any file(s) known to git

PC@LAPTOP-IVKB1MFB MINGW64 ~/desktop/25-TRAN-VAN-KHOI-BAI-TAP (branch_2)
$ git checkout branch_3
Switched to branch 'branch_3'

PC@LAPTOP-IVKB1MFB MINGW64 ~/desktop/25-TRAN-VAN-KHOI-BAI-TAP (branch_3)
$ git pull
There is no tracking information for the current branch.
Please specify which branch you want to merge with.
See git-pull(1) for details.

    git pull <remote> <branch>

If you wish to set tracking information for this branch you can do so with:

    git branch --set-upstream-to=origin/<branch> branch_3





































Merge made by the 'ort' strategy.
 text_branch_3.txt | 1 +
 1 file changed, 1 insertion(+)
 create mode 100644 text_branch_3.txt

PC@LAPTOP-IVKB1MFB MINGW64 ~/desktop/25-TRAN-VAN-KHOI-BAI-TAP (main)
$ git merge branch_4
merge: branch_4 - not something we can merge

PC@LAPTOP-IVKB1MFB MINGW64 ~/desktop/25-TRAN-VAN-KHOI-BAI-TAP (main)
$ git push origin main
Enumerating objects: 10, done.
Counting objects: 100% (10/10), done.
Delta compression using up to 12 threads
Compressing objects: 100% (6/6), done.
Writing objects: 100% (6/6), 908 bytes | 908.00 KiB/s, done.
Total 6 (delta 2), reused 0 (delta 0), pack-reused 0 (from 0)
remote: Resolving deltas: 100% (2/2), done.
To https://github.com/tvkhoi25174600099-lang/25-TRAN-VAN-KHOI-BAI-TAP.git
   58c273a..9740d6b  main -> main

PC@LAPTOP-IVKB1MFB MINGW64 ~/desktop/25-TRAN-VAN-KHOI-BAI-TAP (main)
$ git checkout main
Already on 'main'
Your branch is up to date with 'origin/main'.

PC@LAPTOP-IVKB1MFB MINGW64 ~/desktop/25-TRAN-VAN-KHOI-BAI-TAP (main)
$ git branch -d branch_2
Deleted branch branch_2 (was bf8b9cc).

PC@LAPTOP-IVKB1MFB MINGW64 ~/desktop/25-TRAN-VAN-KHOI-BAI-TAP (main)
$ git branch -d branch_3
Deleted branch branch_3 (was cacbdab).

PC@LAPTOP-IVKB1MFB MINGW64 ~/desktop/25-TRAN-VAN-KHOI-BAI-TAP (main)
$ git branch -d branch_4
error: branch 'branch_4' not found

PC@LAPTOP-IVKB1MFB MINGW64 ~/desktop/25-TRAN-VAN-KHOI-BAI-TAP (main)
$ git push origin --delete branch_2
To https://github.com/tvkhoi25174600099-lang/25-TRAN-VAN-KHOI-BAI-TAP.git
 - [deleted]         branch_2

PC@LAPTOP-IVKB1MFB MINGW64 ~/desktop/25-TRAN-VAN-KHOI-BAI-TAP (main)
$ git push origin --delete branch_3
To https://github.com/tvkhoi25174600099-lang/25-TRAN-VAN-KHOI-BAI-TAP.git
 - [deleted]         branch_3

PC@LAPTOP-IVKB1MFB MINGW64 ~/desktop/25-TRAN-VAN-KHOI-BAI-TAP (main)
$ git push origin --delete branch_4
error: unable to delete 'branch_4': remote ref does not exist
error: failed to push some refs to 'https://github.com/tvkhoi25174600099-lang/25-TRAN-VAN-KHOI-BAI-TAP.git'

PC@LAPTOP-IVKB1MFB MINGW64 ~/desktop/25-TRAN-VAN-KHOI-BAI-TAP (main)
$ git checkout branch_1
Switched to branch 'branch_1'

PC@LAPTOP-IVKB1MFB MINGW64 ~/desktop/25-TRAN-VAN-KHOI-BAI-TAP (branch_1)
$ git pull origin main
From https://github.com/tvkhoi25174600099-lang/25-TRAN-VAN-KHOI-BAI-TAP
 * branch            main       -> FETCH_HEAD
Updating 2cb746a..9740d6b
Fast-forward
 main_txt-3.txt    | 1 +
 main_txt_1.txt    | 1 +
 main_txt_2.txt    | 1 +
 text_branch_2.txt | 1 +
 text_branch_3.txt | 1 +
 text_branch_4.txt | 1 +
 6 files changed, 6 insertions(+)
 create mode 100644 main_txt-3.txt
 create mode 100644 main_txt_1.txt
 create mode 100644 main_txt_2.txt
 create mode 100644 text_branch_2.txt
 create mode 100644 text_branch_3.txt
 create mode 100644 text_branch_4.txt

PC@LAPTOP-IVKB1MFB MINGW64 ~/desktop/25-TRAN-VAN-KHOI-BAI-TAP (branch_1)
$ git push origin branch_1
Total 0 (delta 0), reused 0 (delta 0), pack-reused 0 (from 0)
To https://github.com/tvkhoi25174600099-lang/25-TRAN-VAN-KHOI-BAI-TAP.git
   2cb746a..9740d6b  branch_1 -> branch_1

PC@LAPTOP-IVKB1MFB MINGW64 ~/desktop/25-TRAN-VAN-KHOI-BAI-TAP (branch_1)
$ git checkout main
Switched to branch 'main'
Your branch is up to date with 'origin/main'.

PC@LAPTOP-IVKB1MFB MINGW64 ~/desktop/25-TRAN-VAN-KHOI-BAI-TAP (main)
$ touch 25_TRAN_VAN_KHOI_doan_ma.txt

PC@LAPTOP-IVKB1MFB MINGW64 ~/desktop/25-TRAN-VAN-KHOI-BAI-TAP (main)
$ notepad 25_TRAN_VAN_KHOI_doan_ma.txt
notepad 25_TRAN_VAN_KHOI_doan_ma.txt
PC@LAPTOP-IVKB1MFB MINGW64 ~/desktop/25-TRAN-VAN-KHOI-BAI-TAP (main)
$ git push origin mainnotepad 25_TRAN_VAN_KHOI_doan_ma.txt
